// Vitest Snapshot v1, https://vitest.dev/guide/snapshot.html

exports[`deletePost > should delete post data in dynamoDB 1`] = `1`;
