// Vitest Snapshot v1, https://vitest.dev/guide/snapshot.html

exports[`publish-template > should write the correct disruptions data to dynamoDB 1`] = `
[
  {
    "consequences": [
      {
        "consequenceIndex": 1,
        "consequenceType": "networkWide",
        "description": "Some consequence description",
        "disruptionId": "acde070d-8c4c-4f0d-9d8a-162843c10333",
        "disruptionSeverity": "slight",
        "removeFromJourneyPlanners": "no",
        "vehicleMode": "tram",
      },
      {
        "consequenceIndex": 0,
        "consequenceOperators": [
          {
            "operatorNoc": "FSYO",
            "operatorPublicName": "Operator Name",
          },
        ],
        "consequenceType": "operatorWide",
        "description": "Some consequence description",
        "disruptionDelay": "40",
        "disruptionId": "acde070d-8c4c-4f0d-9d8a-162843c10333",
        "disruptionSeverity": "severe",
        "removeFromJourneyPlanners": "yes",
        "vehicleMode": "bus",
      },
    ],
    "description": "Test description",
    "displayId": "8fg3ha",
    "disruptionId": "acde070d-8c4c-4f0d-9d8a-162843c10333",
    "disruptionNoEndDateTime": "true",
    "disruptionReason": "staffInWrongPlace",
    "disruptionStartDate": "18/03/2023",
    "disruptionStartTime": "1200",
    "disruptionType": "planned",
    "orgId": "35bae327-4af0-4bbf-8bfa-2c085f214483",
    "publishStartDate": "10/03/2023",
    "publishStartTime": "1200",
    "publishStatus": "DRAFT",
    "socialMediaPosts": [
      {
        "accountType": "Hootsuite",
        "disruptionId": "f8d602b9-6e09-4fd7-b14b-deb1ca5b4f24",
        "hootsuiteProfile": "127196025",
        "image": {
          "filepath": "/somefile/path",
          "key": "e9f6962b-1e77-4d0b-9cr2-f123315fd14c/r8e603b8-6e08-4fd7-b12b-deb1ca5b4g23/1.png",
          "mimetype": "image/png",
          "originalFilename": "test-image.png",
          "size": 70872,
        },
        "messageContent": "Test post 12345",
        "publishDate": "19/06/2023",
        "publishTime": "1805",
        "socialAccount": "13958638",
        "socialMediaPostIndex": 0,
        "status": "Successful",
      },
      {
        "accountType": "Hootsuite",
        "disruptionId": "f8d602b9-6e09-4fd7-b14b-deb1ca5b4f24",
        "hootsuiteProfile": "127196025",
        "image": {
          "filepath": "/somefile/path",
          "key": "e9f6962b-1e77-4d0b-9cr2-f123315fd14c/r8e603b8-6e08-4fd7-b12b-deb1ca5b4g23/1.png",
          "mimetype": "image/png",
          "originalFilename": "test-image.png",
          "size": 70872,
        },
        "messageContent": "Test post 1234567",
        "publishDate": "20/06/2023",
        "publishTime": "2005",
        "socialAccount": "137196026",
        "socialMediaPostIndex": 1,
        "status": "Pending",
      },
    ],
    "summary": "Some summary",
    "template": false,
    "validity": [
      {
        "disruptionEndDate": "17/03/2023",
        "disruptionEndTime": "1700",
        "disruptionStartDate": "10/03/2023",
        "disruptionStartTime": "1200",
      },
    ],
  },
  "35bae327-4af0-4bbf-8bfa-2c085f214483",
  "PUBLISHED",
  "test@example.com",
  undefined,
  true,
]
`;
