// Vitest Snapshot v1, https://vitest.dev/guide/snapshot.html

exports[`FormElementWrapper > should render correctly around an input with errors 1`] = `
<div
  className=""
>
  <span
    className="govuk-error-message"
    id="test-div-error"
  >
    <span
      className="govuk-visually-hidden"
    >
      Error: 
    </span>
    There was an error
  </span>
  <input
    aria-describedby="test-div-error"
    className="govuk-input--error"
    id="test-div"
  />
</div>
`;

exports[`FormElementWrapper > should render correctly with no errors 1`] = `
<div
  className=""
>
  <div />
</div>
`;
