// Vitest Snapshot v1, https://vitest.dev/guide/snapshot.html

exports[`PhaseBanner > should render correctly 1`] = `
<DocumentFragment>
  <div
    class="govuk-phase-banner max-w-[960px] w-[90%] border-0 mx-auto app-phase-banner app-width-container"
  >
    <p
      class="govuk-phase-banner__content"
    >
      <strong
        class="govuk-tag govuk-phase-banner__content__tag"
      >
        Beta
      </strong>
      <span
        class="govuk-phase-banner__text"
      >
        This is a new service. Help us improve it and 
        <a
          class="govuk-link"
          href="/feedback"
          id="feedback-link"
        >
          give your feedback (opens in new tab)
        </a>
        .
      </span>
    </p>
  </div>
</DocumentFragment>
`;
