// Vitest Snapshot v1, https://vitest.dev/guide/snapshot.html

exports[`DeleteTemplateButton > should render correctly 1`] = `
<button
  className="govuk-button govuk-button--warning ml-5 "
  data-module="govuk-button"
  onClick={[Function]}
>
  Delete template
</button>
`;
